[2026-06-05 22:29:16] --- IndexNow URL 变更追踪与提交脚本启动 ---
[2026-06-05 22:29:16] 尝试从线上 URL 获取历史状态: https://the0n3.top/indexed_urls_state.txt
[2026-06-05 22:29:16] ✅ 成功获取上一次的 URL 状态文件。
[2026-06-05 22:29:16] 已加载 194 条历史路径。
[2026-06-05 22:29:16] 开始扫描构建目录: docs/.vuepress/dist
[2026-06-05 22:29:16] 扫描完成，找到 194 个 HTML 文件路径。
[2026-06-05 22:29:16] 
--- 执行 IndexNow 提交 ---
[2026-06-05 22:29:16] 没有新增或修改的路径，跳过 IndexNow 提交。
[2026-06-05 22:29:16] 成功更新本地状态文件 docs/.vuepress/dist/indexed_urls_state.txt，共写入 194 条路径。
[2026-06-05 22:29:16] 
--- URL 变更分析报告 ---
[2026-06-05 22:29:16] 当前找到的 HTML 文件总数: 194
[2026-06-05 22:29:16] 上次追踪的文件总数 (从线上获取): 194
[2026-06-05 22:29:16] 
[本次提交 IndexNow 路径]:
[2026-06-05 22:29:16] 本次未发现新增或修改的路径，跳过提交。
[2026-06-05 22:29:16] 
[已删除路径]:
[2026-06-05 22:29:16] 未发现已删除的路径。
[2026-06-05 22:29:16] --- 脚本运行结束 ---

